This is pdfTeX, Version 3.141592653-2.6-1.40.28 (MiKTeX 25.12) (preloaded format=pdflatex 2026.3.22)  1 MAY 2026 21:25
entering extended mode
 \write18 enabled.
 file:line:error style messages enabled.
 %&-line parsing enabled.
**e:/Cloud_project2/AWS_Serverless_Application/report/main.tex
(e:/Cloud_project2/AWS_Serverless_Application/report/main.tex
LaTeX2e <2025-11-01>
L3 programming layer <2025-12-24>
(reportDoCS2025.cls (E:\MikeTex\tex/latex/base\report.cls
Document Class: report 2025/01/22 v1.4n Standard LaTeX document class
(E:\MikeTex\tex/latex/base\size10.clo
File: size10.clo 2025/01/22 v1.4n Standard LaTeX file (size option)
)
\c@part=\count275
\c@chapter=\count276
\c@section=\count277
\c@subsection=\count278
\c@subsubsection=\count279
\c@paragraph=\count280
\c@subparagraph=\count281
\c@figure=\count282
\c@table=\count283
\abovecaptionskip=\skip49
\belowcaptionskip=\skip50
\bibindent=\dimen148
)
Document Class: reportDoCS2025 2025/07/04 Enhanced Report Class for DoCS
(E:\MikeTex\tex/latex/base\inputenc.sty
Package: inputenc 2024/02/08 v1.3d Input encoding file
\inpenc@prehook=\toks17
\inpenc@posthook=\toks18
) (E:\MikeTex\tex/generic/babel\babel.sty
Package: babel 2025/12/11 v25.17 The multilingual framework for LuaLaTeX, pdfLaTeX and XeLaTeX
\babel@savecnt=\count284
LaTeX Encoding Info:    Redeclaring text command \ij (encoding OT1) on input line 2068.
LaTeX Encoding Info:    Redeclaring text command \IJ (encoding OT1) on input line 2070.
LaTeX Encoding Info:    Redeclaring text command \ij (encoding T1) on input line 2072.
LaTeX Encoding Info:    Redeclaring text command \IJ (encoding T1) on input line 2073.
LaTeX Encoding Info:    Ignoring declaration for text command \ij (encoding ?) on input line 2074.
LaTeX Encoding Info:    Ignoring declaration for text command \IJ (encoding ?) on input line 2076.
LaTeX Encoding Info:    Ignoring declaration for text command \SS (encoding ?) on input line 2101.
\U@D=\dimen149
\l@unhyphenated=\language79
 (E:\MikeTex\tex/generic/babel\txtbabel.def)
\bbl@readstream=\read2
\bbl@dirlevel=\count285
Package babel Info: Configuration files are deprecated, as
(babel)             they can break document portability.
(babel)             Reported on input line 4196.

*************************************
* Local config file bblopts.cfg used
*
(E:\MikeTex\tex/latex/arabi\bblopts.cfg
File: bblopts.cfg 2005/09/08 v0.1 add Arabic and Farsi to "declared" options of babel
) (E:\MikeTex\tex/generic/babel/locale/en\babel-english.tex)
Package babel Info: Importing font and identification data for english
(babel)             from babel-en.ini. Reported on input line 4320.
 (E:\MikeTex\tex/latex/babel-english\english.ldf
Language: english 2017/06/06 v3.3r English support from the babel system
Package babel Info: Hyphen rules for 'canadian' set to \l@english
(babel)             (\language0). Reported on input line 102.
Package babel Info: Hyphen rules for 'australian' set to \l@ukenglish
(babel)             (\language73). Reported on input line 105.
Package babel Info: Hyphen rules for 'newzealand' set to \l@ukenglish
(babel)             (\language73). Reported on input line 108.
)) (E:\MikeTex\tex/latex/silence\silence.sty
Package: silence 2012/07/02 v1.5b Selective filtering of warnings and error messages
\sl@Save=\count286
\sl@StateNumber=\count287
\sl@MessageCount=\count288
\sl@Casualties=\count289
\sl@Filter=\toks19
\sl@Message=\toks20
\sl@UnexpandedMessage=\toks21
\sl@Mess@ge=\toks22
\sl@WarningCount=\count290
\sl@WarningNumber=\count291
\sl@WarningCasualties=\count292
\sl@TempBOW=\toks23
\sl@BankOfWarnings=\toks24
LaTeX Info: Redefining \GenericWarning on input line 433.
\sl@ErrorCount=\count293
\sl@ErrorNumber=\count294
\sl@ErrorCasualties=\count295
\sl@TempBOE=\toks25
\sl@BankOfErrors=\toks26
LaTeX Info: Redefining \GenericError on input line 601.
) (E:\MikeTex\tex/latex/xcolor\xcolor.sty
Package: xcolor 2024/09/29 v3.02 LaTeX color extensions (UK)
 (E:\MikeTex\tex/latex/graphics-cfg\color.cfg
File: color.cfg 2016/01/02 v1.6 sample color configuration
)
Package xcolor Info: Driver file: pdftex.def on input line 274.
 (E:\MikeTex\tex/latex/graphics-def\pdftex.def
File: pdftex.def 2025/09/29 v1.2d Graphics/color driver for pdftex
) (E:\MikeTex\tex/latex/graphics\mathcolor.ltx)
Package xcolor Info: Model `cmy' substituted by `cmy0' on input line 1349.
Package xcolor Info: Model `hsb' substituted by `rgb' on input line 1353.
Package xcolor Info: Model `RGB' extended on input line 1365.
Package xcolor Info: Model `HTML' substituted by `rgb' on input line 1367.
Package xcolor Info: Model `Hsb' substituted by `hsb' on input line 1368.
Package xcolor Info: Model `tHsb' substituted by `hsb' on input line 1369.
Package xcolor Info: Model `HSB' substituted by `hsb' on input line 1370.
Package xcolor Info: Model `Gray' substituted by `gray' on input line 1371.
Package xcolor Info: Model `wave' substituted by `hsb' on input line 1372.
) (E:\MikeTex\tex/latex/geometry\geometry.sty
Package: geometry 2026/03/07 v6.0 Page Geometry
 (E:\MikeTex\tex/latex/graphics\keyval.sty
Package: keyval 2022/05/29 v1.15 key=value parser (DPC)
\KV@toks@=\toks27
) (E:\MikeTex\tex/generic/iftex\ifvtex.sty
Package: ifvtex 2019/10/25 v1.7 ifvtex legacy package. Use iftex instead.
 (E:\MikeTex\tex/generic/iftex\iftex.sty
Package: iftex 2024/12/12 v1.0g TeX engine tests
))
\Gm@cnth=\count296
\Gm@cntv=\count297
\c@Gm@tempcnt=\count298
\Gm@bindingoffset=\dimen150
\Gm@wd@mp=\dimen151
\Gm@odd@mp=\dimen152
\Gm@even@mp=\dimen153
\Gm@layoutwidth=\dimen154
\Gm@layoutheight=\dimen155
\Gm@layouthoffset=\dimen156
\Gm@layoutvoffset=\dimen157
\Gm@dimlist=\toks28
 (E:\MikeTex\tex/latex/geometry\geometry.cfg)) (E:\MikeTex\tex/latex/microtype\microtype.sty
Package: microtype 2026/03/01 v3.2d Micro-typographical refinements (RS)
 (E:\MikeTex\tex/latex/etoolbox\etoolbox.sty
Package: etoolbox 2025/10/02 v2.5m e-TeX tools for LaTeX (JAW)
\etb@tempcnta=\count299
)
\MT@toks=\toks29
\MT@tempbox=\box53
\MT@count=\count300
LaTeX Info: Redefining \noprotrusionifhmode on input line 1084.
LaTeX Info: Redefining \leftprotrusion on input line 1085.
\MT@prot@toks=\toks30
LaTeX Info: Redefining \rightprotrusion on input line 1104.
LaTeX Info: Redefining \textls on input line 1449.
\MT@outer@kern=\dimen158
LaTeX Info: Redefining \microtypecontext on input line 2053.
LaTeX Info: Redefining \textmicrotypecontext on input line 2070.
\MT@listname@count=\count301
 (E:\MikeTex\tex/latex/microtype\microtype-pdftex.def
File: microtype-pdftex.def 2026/03/01 v3.2d Definitions specific to pdftex (RS)
LaTeX Info: Redefining \lsstyle on input line 944.
LaTeX Info: Redefining \lslig on input line 944.
\MT@outer@space=\skip51
)
Package microtype Info: Loading configuration file microtype.cfg.
 (E:\MikeTex\tex/latex/microtype\microtype.cfg
File: microtype.cfg 2026/03/01 v3.2d microtype main configuration file (RS)
)
LaTeX Info: Redefining \microtypesetup on input line 3065.
) (E:\MikeTex\tex/latex/koma-script\scrextend.sty
Package: scrextend 2026/02/02 v3.49.2 KOMA-Script package (extend other classes with features of KOMA-Script classes)
 (E:\MikeTex\tex/latex/koma-script\scrkbase.sty
Package: scrkbase 2026/02/02 v3.49.2 KOMA-Script package (KOMA-Script-dependent basics and keyval usage)
 (E:\MikeTex\tex/latex/koma-script\scrbase.sty
Package: scrbase 2026/02/02 v3.49.2 KOMA-Script package (KOMA-Script-independent basics and keyval usage)
 (E:\MikeTex\tex/latex/koma-script\scrlfile.sty
Package: scrlfile 2026/02/02 v3.49.2 KOMA-Script package (file load hooks)
 (E:\MikeTex\tex/latex/koma-script\scrlfile-hook.sty
Package: scrlfile-hook 2026/02/02 v3.49.2 KOMA-Script package (using LaTeX hooks)
 (E:\MikeTex\tex/latex/koma-script\scrlogo.sty
Package: scrlogo 2026/02/02 v3.49.2 KOMA-Script package (logo)
)))
Applying: [2021/05/01] Usage of raw or classic option list on input line 254.
Already applied: [0000/00/00] Usage of raw or classic option list on input line 370.
)))
Package scrextend Info: File `scrsize12pt.clo' used to setup font sizes on input line 40.
 (E:\MikeTex\tex/latex/koma-script\scrsize12pt.clo
File: scrsize12pt.clo 2026/02/02 v3.49.2 KOMA-Script font size class option (12pt)
) (E:\MikeTex\tex/latex/biblatex\biblatex.sty
Package: biblatex 2025/07/10 v3.21 programmable bibliographies (PK/MW)
 (E:\MikeTex\tex/generic/pdftexcmds\pdftexcmds.sty
Package: pdftexcmds 2020-06-27 v0.33 Utility functions of pdfTeX for LuaTeX (HO)
 (E:\MikeTex\tex/generic/infwarerr\infwarerr.sty
Package: infwarerr 2019/12/03 v1.5 Providing info/warning/error messages (HO)
) (E:\MikeTex\tex/generic/ltxcmds\ltxcmds.sty
Package: ltxcmds 2023-12-04 v1.26 LaTeX kernel commands for general use (HO)
)
Package pdftexcmds Info: \pdf@primitive is available.
Package pdftexcmds Info: \pdf@ifprimitive is available.
Package pdftexcmds Info: \pdfdraftmode found.
) (E:\MikeTex\tex/latex/kvoptions\kvoptions.sty
Package: kvoptions 2022-06-15 v3.15 Key value format for package options (HO)
 (E:\MikeTex\tex/latex/kvsetkeys\kvsetkeys.sty
Package: kvsetkeys 2022-10-05 v1.19 Key value parser (HO)
)) (E:\MikeTex\tex/latex/logreq\logreq.sty
Package: logreq 2010/08/04 v1.0 xml request logger
\lrq@indent=\count302
 (E:\MikeTex\tex/latex/logreq\logreq.def
File: logreq.def 2010/08/04 v1.0 logreq spec v1.0
)) (E:\MikeTex\tex/latex/base\ifthen.sty
Package: ifthen 2024/03/16 v1.1e Standard LaTeX ifthen package (DPC)
) (E:\MikeTex\tex/latex/url\url.sty
\Urlmuskip=\muskip17
Package: url 2013/09/16  ver 3.4  Verb mode for urls, etc.
)
\c@tabx@nest=\count303
\c@listtotal=\count304
\c@listcount=\count305
\c@liststart=\count306
\c@liststop=\count307
\c@citecount=\count308
\c@citetotal=\count309
\c@multicitecount=\count310
\c@multicitetotal=\count311
\c@instcount=\count312
\c@maxnames=\count313
\c@minnames=\count314
\c@maxitems=\count315
\c@minitems=\count316
\c@citecounter=\count317
\c@maxcitecounter=\count318
\c@savedcitecounter=\count319
\c@uniquelist=\count320
\c@uniquename=\count321
\c@refsection=\count322
\c@refsegment=\count323
\c@maxextratitle=\count324
\c@maxextratitleyear=\count325
\c@maxextraname=\count326
\c@maxextradate=\count327
\c@maxextraalpha=\count328
\c@abbrvpenalty=\count329
\c@highnamepenalty=\count330
\c@lownamepenalty=\count331
\c@maxparens=\count332
\c@parenlevel=\count333
\blx@tempcnta=\count334
\blx@tempcntb=\count335
\blx@tempcntc=\count336
\c@blx@maxsection=\count337
\blx@maxsegment@0=\count338
\blx@notetype=\count339
\blx@parenlevel@text=\count340
\blx@parenlevel@foot=\count341
\blx@sectionciteorder@0=\count342
\blx@sectionciteorderinternal@0=\count343
\blx@entrysetcounter=\count344
\blx@biblioinstance=\count345
\labelnumberwidth=\skip52
\labelalphawidth=\skip53
\biblabelsep=\skip54
\bibitemsep=\skip55
\bibnamesep=\skip56
\bibinitsep=\skip57
\bibparsep=\skip58
\bibhang=\skip59
\blx@bcfin=\read3
\blx@bcfout=\write3
\blx@langwohyphens=\language80
\c@mincomprange=\count346
\c@maxcomprange=\count347
\c@mincompwidth=\count348
Package biblatex Info: Trying to load biblatex default data model...
Package biblatex Info: ... file 'blx-dm.def' found.
 (E:\MikeTex\tex/latex/biblatex\blx-dm.def
File: blx-dm.def 2025/07/10 v3.21 biblatex datamodel (PK/MW)
)
Package biblatex Info: Trying to load biblatex custom data model...
Package biblatex Info: ... file 'biblatex-dm.cfg' not found.
\c@afterword=\count349
\c@savedafterword=\count350
\c@annotator=\count351
\c@savedannotator=\count352
\c@author=\count353
\c@savedauthor=\count354
\c@bookauthor=\count355
\c@savedbookauthor=\count356
\c@commentator=\count357
\c@savedcommentator=\count358
\c@editor=\count359
\c@savededitor=\count360
\c@editora=\count361
\c@savededitora=\count362
\c@editorb=\count363
\c@savededitorb=\count364
\c@editorc=\count365
\c@savededitorc=\count366
\c@foreword=\count367
\c@savedforeword=\count368
\c@holder=\count369
\c@savedholder=\count370
\c@introduction=\count371
\c@savedintroduction=\count372
\c@namea=\count373
\c@savednamea=\count374
\c@nameb=\count375
\c@savednameb=\count376
\c@namec=\count377
\c@savednamec=\count378
\c@translator=\count379
\c@savedtranslator=\count380
\c@shortauthor=\count381
\c@savedshortauthor=\count382
\c@shorteditor=\count383
\c@savedshorteditor=\count384
\c@labelname=\count385
\c@savedlabelname=\count386
\c@institution=\count387
\c@savedinstitution=\count388
\c@lista=\count389
\c@savedlista=\count390
\c@listb=\count391
\c@savedlistb=\count392
\c@listc=\count393
\c@savedlistc=\count394
\c@listd=\count395
\c@savedlistd=\count396
\c@liste=\count397
\c@savedliste=\count398
\c@listf=\count399
\c@savedlistf=\count400
\c@location=\count401
\c@savedlocation=\count402
\c@organization=\count403
\c@savedorganization=\count404
\c@origlocation=\count405
\c@savedoriglocation=\count406
\c@origpublisher=\count407
\c@savedorigpublisher=\count408
\c@publisher=\count409
\c@savedpublisher=\count410
\c@language=\count411
\c@savedlanguage=\count412
\c@origlanguage=\count413
\c@savedoriglanguage=\count414
\c@pageref=\count415
\c@savedpageref=\count416
\shorthandwidth=\skip60
\shortjournalwidth=\skip61
\shortserieswidth=\skip62
\shorttitlewidth=\skip63
\shortauthorwidth=\skip64
\shorteditorwidth=\skip65
\locallabelnumberwidth=\skip66
\locallabelalphawidth=\skip67
\localshorthandwidth=\skip68
\localshortjournalwidth=\skip69
\localshortserieswidth=\skip70
\localshorttitlewidth=\skip71
\localshortauthorwidth=\skip72
\localshorteditorwidth=\skip73
Package biblatex Info: Trying to load compatibility code...
Package biblatex Info: ... file 'blx-compat.def' found.
 (E:\MikeTex\tex/latex/biblatex\blx-compat.def
File: blx-compat.def 2025/07/10 v3.21 biblatex compatibility (PK/MW)
)
Package biblatex Info: Trying to load generic definitions...
Package biblatex Info: ... file 'biblatex.def' found.
 (E:\MikeTex\tex/latex/biblatex\biblatex.def
File: biblatex.def 2025/07/10 v3.21 biblatex compatibility (PK/MW)
\c@textcitecount=\count417
\c@textcitetotal=\count418
\c@textcitemaxnames=\count419
\c@biburlbigbreakpenalty=\count420
\c@biburlbreakpenalty=\count421
\c@biburlnumpenalty=\count422
\c@biburlucpenalty=\count423
\c@biburllcpenalty=\count424
\biburlbigskip=\muskip18
\biburlnumskip=\muskip19
\biburlucskip=\muskip20
\biburllcskip=\muskip21
\c@smartand=\count425
)
Package biblatex Info: Trying to load bibliography style 'numeric'...
Package biblatex Info: ... file 'numeric.bbx' found.
 (E:\MikeTex\tex/latex/biblatex/bbx\numeric.bbx
File: numeric.bbx 2025/07/10 v3.21 biblatex bibliography style (PK/MW)
Package biblatex Info: Trying to load bibliography style 'standard'...
Package biblatex Info: ... file 'standard.bbx' found.
 (E:\MikeTex\tex/latex/biblatex/bbx\standard.bbx
File: standard.bbx 2025/07/10 v3.21 biblatex bibliography style (PK/MW)
\c@bbx:relatedcount=\count426
\c@bbx:relatedtotal=\count427
))
Package biblatex Info: Trying to load citation style 'numeric'...
Package biblatex Info: ... file 'numeric.cbx' found.
 (E:\MikeTex\tex/latex/biblatex/cbx\numeric.cbx
File: numeric.cbx 2025/07/10 v3.21 biblatex citation style (PK/MW)
Package biblatex Info: Redefining '\cite'.
Package biblatex Info: Redefining '\parencite'.
Package biblatex Info: Redefining '\footcite'.
Package biblatex Info: Redefining '\footcitetext'.
Package biblatex Info: Redefining '\smartcite'.
Package biblatex Info: Redefining '\supercite'.
Package biblatex Info: Redefining '\textcite'.
Package biblatex Info: Redefining '\textcites'.
Package biblatex Info: Redefining '\cites'.
Package biblatex Info: Redefining '\parencites'.
Package biblatex Info: Redefining '\smartcites'.
)
Package biblatex Info: Trying to load configuration file...
Package biblatex Info: ... file 'biblatex.cfg' found.
 (E:\MikeTex\tex/latex/biblatex\biblatex.cfg
File: biblatex.cfg 
)
Package biblatex Info: Input encoding 'utf8' detected.
Package biblatex Info: Document encoding is UTF8 ....
 (E:\MikeTex\tex/latex/l3kernel\expl3.sty
Package: expl3 2025-12-24 L3 programming layer (loader) 
 (E:\MikeTex\tex/latex/l3backend\l3backend-pdftex.def
File: l3backend-pdftex.def 2025-10-09 L3 backend support: PDF output (pdfTeX)
\l__color_backend_stack_int=\count428
))
Package biblatex Info: ... and expl3
(biblatex)             2025-12-24 L3 programming layer (loader) 
(biblatex)             is new enough (at least 2020/04/06),
(biblatex)             setting 'casechanger=expl3'.
 (E:\MikeTex\tex/latex/biblatex\blx-case-expl3.sty (E:\MikeTex\tex/latex/l3packages/xparse\xparse.sty
Package: xparse 2025-10-09 L3 Experimental document command parser
)
Package: blx-case-expl3 2025/07/10 v3.21 expl3 case changing code for biblatex
)) (E:\MikeTex\tex/latex/csquotes\csquotes.sty
Package: csquotes 2024-04-04 v5.2o context-sensitive quotations (JAW)
\csq@reset=\count429
\csq@gtype=\count430
\csq@glevel=\count431
\csq@qlevel=\count432
\csq@maxlvl=\count433
\csq@tshold=\count434
\csq@ltx@everypar=\toks31
 (E:\MikeTex\tex/latex/csquotes\csquotes.def
File: csquotes.def 2024-04-04 v5.2o csquotes generic definitions (JAW)
)
Package csquotes Info: Trying to load configuration file 'csquotes.cfg'...
Package csquotes Info: ... configuration file loaded successfully.
 (E:\MikeTex\tex/latex/csquotes\csquotes.cfg
File: csquotes.cfg 
)) (E:\MikeTex\tex/latex/ragged2e\ragged2e.sty
Package: ragged2e 2023/06/22 v3.6 ragged2e Package
\CenteringLeftskip=\skip74
\RaggedLeftLeftskip=\skip75
\RaggedRightLeftskip=\skip76
\CenteringRightskip=\skip77
\RaggedLeftRightskip=\skip78
\RaggedRightRightskip=\skip79
\CenteringParfillskip=\skip80
\RaggedLeftParfillskip=\skip81
\RaggedRightParfillskip=\skip82
\JustifyingParfillskip=\skip83
\CenteringParindent=\skip84
\RaggedLeftParindent=\skip85
\RaggedRightParindent=\skip86
\JustifyingParindent=\skip87
) (E:\MikeTex\tex/latex/enumitem\enumitem.sty
Package: enumitem 2025/02/06 v3.11 Customized lists
\labelindent=\skip88
\enit@outerparindent=\dimen159
\enit@toks=\toks32
\enit@inbox=\box54
\enit@count@id=\count435
\enitdp@description=\count436
) (E:\MikeTex\tex/latex/titlesec\titlesec.sty
Package: titlesec 2025/01/04 v2.17 Sectioning titles
\ttl@box=\box55
\beforetitleunit=\skip89
\aftertitleunit=\skip90
\ttl@plus=\dimen160
\ttl@minus=\dimen161
\ttl@toksa=\toks33
\titlewidth=\dimen162
\titlewidthlast=\dimen163
\titlewidthfirst=\dimen164
) (E:\MikeTex\tex/latex/fancyhdr\fancyhdr.sty
Package: fancyhdr 2025/02/07 v5.2 Extensive control of page headers and footers
\f@nch@headwidth=\skip91
\f@nch@offset@elh=\skip92
\f@nch@offset@erh=\skip93
\f@nch@offset@olh=\skip94
\f@nch@offset@orh=\skip95
\f@nch@offset@elf=\skip96
\f@nch@offset@erf=\skip97
\f@nch@offset@olf=\skip98
\f@nch@offset@orf=\skip99
\f@nch@height=\skip100
\f@nch@footalignment=\skip101
\f@nch@widthL=\skip102
\f@nch@widthC=\skip103
\f@nch@widthR=\skip104
\@temptokenb=\toks34
) (E:\MikeTex\tex/latex/amsmath\amsmath.sty
Package: amsmath 2025/07/09 v2.17z AMS math features
\@mathmargin=\skip105

For additional information on amsmath, use the `?' option.
(E:\MikeTex\tex/latex/amsmath\amstext.sty
Package: amstext 2024/11/17 v2.01 AMS text
 (E:\MikeTex\tex/latex/amsmath\amsgen.sty
File: amsgen.sty 1999/11/30 v2.0 generic functions
\@emptytoks=\toks35
\ex@=\dimen165
)) (E:\MikeTex\tex/latex/amsmath\amsbsy.sty
Package: amsbsy 1999/11/29 v1.2d Bold Symbols
\pmbraise@=\dimen166
) (E:\MikeTex\tex/latex/amsmath\amsopn.sty
Package: amsopn 2022/04/08 v2.04 operator names
)
\inf@bad=\count437
LaTeX Info: Redefining \frac on input line 233.
\uproot@=\count438
\leftroot@=\count439
LaTeX Info: Redefining \overline on input line 398.
LaTeX Info: Redefining \colon on input line 409.
\classnum@=\count440
\DOTSCASE@=\count441
LaTeX Info: Redefining \ldots on input line 495.
LaTeX Info: Redefining \dots on input line 498.
LaTeX Info: Redefining \cdots on input line 619.
\Mathstrutbox@=\box56
\strutbox@=\box57
LaTeX Info: Redefining \big on input line 721.
LaTeX Info: Redefining \Big on input line 722.
LaTeX Info: Redefining \bigg on input line 723.
LaTeX Info: Redefining \Bigg on input line 724.
\big@size=\dimen167
LaTeX Font Info:    Redeclaring font encoding OML on input line 742.
LaTeX Font Info:    Redeclaring font encoding OMS on input line 743.
\macc@depth=\count442
LaTeX Info: Redefining \bmod on input line 904.
LaTeX Info: Redefining \pmod on input line 909.
LaTeX Info: Redefining \smash on input line 939.
LaTeX Info: Redefining \relbar on input line 969.
LaTeX Info: Redefining \Relbar on input line 970.
\c@MaxMatrixCols=\count443
\dotsspace@=\muskip22
\c@parentequation=\count444
\dspbrk@lvl=\count445
\tag@help=\toks36
\row@=\count446
\column@=\count447
\maxfields@=\count448
\andhelp@=\toks37
\eqnshift@=\dimen168
\alignsep@=\dimen169
\tagshift@=\dimen170
\tagwidth@=\dimen171
\totwidth@=\dimen172
\lineht@=\dimen173
\@envbody=\toks38
\multlinegap=\skip106
\multlinetaggap=\skip107
\mathdisplay@stack=\toks39
LaTeX Info: Redefining \[ on input line 2950.
LaTeX Info: Redefining \] on input line 2951.
) (E:\MikeTex\tex/latex/amsfonts\amsfonts.sty
Package: amsfonts 2013/01/14 v3.01 Basic AMSFonts support
\symAMSa=\mathgroup4
\symAMSb=\mathgroup5
LaTeX Font Info:    Redeclaring math symbol \hbar on input line 98.
LaTeX Font Info:    Overwriting math alphabet `\mathfrak' in version `bold'
(Font)                  U/euf/m/n --> U/euf/b/n on input line 106.
) (E:\MikeTex\tex/latex/mathtools\mathtools.sty
Package: mathtools 2024/10/04 v1.31 mathematical typesetting tools
 (E:\MikeTex\tex/latex/tools\calc.sty
Package: calc 2025/03/01 v4.3b Infix arithmetic (KKT,FJ)
\calc@Acount=\count449
\calc@Bcount=\count450
\calc@Adimen=\dimen174
\calc@Bdimen=\dimen175
\calc@Askip=\skip108
\calc@Bskip=\skip109
LaTeX Info: Redefining \setlength on input line 86.
LaTeX Info: Redefining \addtolength on input line 87.
\calc@Ccount=\count451
\calc@Cskip=\skip110
) (E:\MikeTex\tex/latex/mathtools\mhsetup.sty
Package: mhsetup 2021/03/18 v1.4 programming setup (MH)
)
\g_MT_multlinerow_int=\count452
\l_MT_multwidth_dim=\dimen176
\origjot=\skip111
\l_MT_shortvdotswithinadjustabove_dim=\dimen177
\l_MT_shortvdotswithinadjustbelow_dim=\dimen178
\l_MT_above_intertext_sep=\dimen179
\l_MT_below_intertext_sep=\dimen180
\l_MT_above_shortintertext_sep=\dimen181
\l_MT_below_shortintertext_sep=\dimen182
\xmathstrut@box=\box58
\xmathstrut@dim=\dimen183
) (E:\MikeTex\tex/latex/amscls\amsthm.sty
Package: amsthm 2020/05/29 v2.20.6
\thm@style=\toks40
\thm@bodyfont=\toks41
\thm@headfont=\toks42
\thm@notefont=\toks43
\thm@headpunct=\toks44
\thm@preskip=\skip112
\thm@postskip=\skip113
\thm@headsep=\skip114
\dth@everypar=\toks45
) (E:\MikeTex\tex/latex/amsfonts\amssymb.sty
Package: amssymb 2013/01/14 v3.01 AMS font symbols
) (E:\MikeTex\tex/latex/jknappen\mathrsfs.sty
Package: mathrsfs 1996/01/01 Math RSFS package v1.0 (jk)
\symrsfs=\mathgroup6
) (E:\MikeTex\tex/latex/tools\bm.sty
Package: bm 2025/10/21 v1.2g Bold Symbol Support (DPC/FMi)
\symboldoperators=\mathgroup7
\symboldletters=\mathgroup8
\symboldsymbols=\mathgroup9
Package bm Info: No bold for \OMX/cmex/m/n, using \pmb.
Package bm Info: No bold for \U/msa/m/n, using \pmb.
Package bm Info: No bold for \U/msb/m/n, using \pmb.
Package bm Info: No bold for \U/rsfs/m/n, using \pmb.
LaTeX Font Info:    Redeclaring math alphabet \mathbf on input line 149.
) (E:\MikeTex\tex/latex/siunitx\siunitx.sty
Package: siunitx 2025-07-09 v3.4.14 A comprehensive (SI) units package
\l__siunitx_number_uncert_offset_int=\count453
\l__siunitx_number_exponent_fixed_int=\count454
\l__siunitx_number_min_decimal_int=\count455
\l__siunitx_number_min_integer_int=\count456
\l__siunitx_number_round_precision_int=\count457
\l__siunitx_number_lower_threshold_int=\count458
\l__siunitx_number_upper_threshold_int=\count459
\l__siunitx_number_group_first_int=\count460
\l__siunitx_number_group_size_int=\count461
\l__siunitx_number_group_minimum_int=\count462
\l__siunitx_angle_tmp_dim=\dimen184
\l__siunitx_angle_marker_box=\box59
\l__siunitx_angle_unit_box=\box60
\l__siunitx_compound_count_int=\count463
 (E:\MikeTex\tex/latex/translations\translations.sty
Package: translations 2022/02/05 v1.12 internationalization of LaTeX2e packages (CN)
)
\l__siunitx_table_tmp_box=\box61
\l__siunitx_table_tmp_dim=\dimen185
\l__siunitx_table_column_width_dim=\dimen186
\l__siunitx_table_integer_box=\box62
\l__siunitx_table_decimal_box=\box63
\l__siunitx_table_uncert_box=\box64
\l__siunitx_table_before_box=\box65
\l__siunitx_table_after_box=\box66
\l__siunitx_table_before_dim=\dimen187
\l__siunitx_table_carry_dim=\dimen188
\l__siunitx_unit_tmp_int=\count464
\l__siunitx_unit_position_int=\count465
\l__siunitx_unit_total_int=\count466
 (E:\MikeTex\tex/latex/tools\array.sty
Package: array 2025/09/25 v2.6n Tabular extension package (FMi)
\col@sep=\dimen189
\ar@mcellbox=\box67
\extrarowheight=\dimen190
\NC@list=\toks46
\extratabsurround=\skip115
\backup@length=\skip116
\ar@cellbox=\box68
)) (E:\MikeTex\tex/latex/booktabs\booktabs.sty
Package: booktabs 2020/01/12 v1.61803398 Publication quality tables
\heavyrulewidth=\dimen191
\lightrulewidth=\dimen192
\cmidrulewidth=\dimen193
\belowrulesep=\dimen194
\belowbottomsep=\dimen195
\aboverulesep=\dimen196
\abovetopsep=\dimen197
\cmidrulesep=\dimen198
\cmidrulekern=\dimen199
\defaultaddspace=\dimen256
\@cmidla=\count467
\@cmidlb=\count468
\@aboverulesep=\dimen257
\@belowrulesep=\dimen258
\@thisruleclass=\count469
\@lastruleclass=\count470
\@thisrulewidth=\dimen259
) (E:\MikeTex\tex/latex/tools\longtable.sty
Package: longtable 2025-10-13 v4.24 Multi-page Table package (DPC)
\LTleft=\skip117
\LTright=\skip118
\LTpre=\skip119
\LTpost=\skip120
\LTchunksize=\count471
\LTcapwidth=\dimen260
\LT@head=\box69
\LT@firsthead=\box70
\LT@foot=\box71
\LT@lastfoot=\box72
\LT@gbox=\box73
\LT@cols=\count472
\LT@rows=\count473
\c@LT@tables=\count474
\c@LT@chunks=\count475
\LT@p@ftn=\toks47
) (E:\MikeTex\tex/latex/tools\tabularx.sty
Package: tabularx 2023/12/11 v2.12a `tabularx' package (DPC)
\TX@col@width=\dimen261
\TX@old@table=\dimen262
\TX@old@col=\dimen263
\TX@target=\dimen264
\TX@delta=\dimen265
\TX@cols=\count476
\TX@ftn=\toks48
) (E:\MikeTex\tex/latex/float\float.sty
Package: float 2001/11/08 v1.3d Float enhancements (AL)
\c@float@type=\count477
\float@exts=\toks49
\float@box=\box74
\@float@everytoks=\toks50
\@floatcapt=\box75
) (E:\MikeTex\tex/latex/graphics\graphicx.sty
Package: graphicx 2024/12/31 v1.2e Enhanced LaTeX Graphics (DPC,SPQR)
 (E:\MikeTex\tex/latex/graphics\graphics.sty
Package: graphics 2024/08/06 v1.4g Standard LaTeX Graphics (DPC,SPQR)
 (E:\MikeTex\tex/latex/graphics\trig.sty
Package: trig 2023/12/02 v1.11 sin cos tan (DPC)
) (E:\MikeTex\tex/latex/graphics-cfg\graphics.cfg
File: graphics.cfg 2016/06/04 v1.11 sample graphics configuration
)
Package graphics Info: Driver file: pdftex.def on input line 106.
)
\Gin@req@height=\dimen266
\Gin@req@width=\dimen267
) (E:\MikeTex\tex/latex/caption\caption.sty
Package: caption 2023/08/05 v3.6o Customizing captions (AR)
 (E:\MikeTex\tex/latex/caption\caption3.sty
Package: caption3 2023/07/31 v2.4d caption3 kernel (AR)
\caption@tempdima=\dimen268
\captionmargin=\dimen269
\caption@leftmargin=\dimen270
\caption@rightmargin=\dimen271
\caption@width=\dimen272
\caption@indent=\dimen273
\caption@parindent=\dimen274
\caption@hangindent=\dimen275
Package caption Info: Standard document class detected.
)
\c@caption@flags=\count478
\c@continuedfloat=\count479
Package caption Info: float package is loaded.
Package caption Info: longtable package is loaded.
 (E:\MikeTex\tex/latex/caption\ltcaption.sty
Package: ltcaption 2021/01/08 v1.4c longtable captions (AR)
)
Package caption Info: scrextend package is loaded.
\caption@addmargin@hsize=\dimen276
\caption@addmargin@linewidth=\dimen277
) (E:\MikeTex\tex/latex/caption\subcaption.sty
Package: subcaption 2023/07/28 v1.6b Sub-captions (AR)
Package caption Info: New subtype `subfigure' on input line 238.
\c@subfigure=\count480
Package caption Info: New subtype `subtable' on input line 238.
\c@subtable=\count481
) (E:\MikeTex\tex/latex/pgf/frontendlayer\tikz.sty (E:\MikeTex\tex/latex/pgf/basiclayer\pgf.sty (E:\MikeTex\tex/latex/pgf/utilities\pgfrcs.sty (E:\MikeTex\tex/generic/pgf/utilities\pgfutil-common.tex
\pgfutil@everybye=\toks51
\pgfutil@tempdima=\dimen278
\pgfutil@tempdimb=\dimen279
) (E:\MikeTex\tex/generic/pgf/utilities\pgfutil-latex.def
\pgfutil@abb=\box76
) (E:\MikeTex\tex/generic/pgf/utilities\pgfrcs.code.tex (E:\MikeTex\tex/generic/pgf\pgf.revision.tex)
Package: pgfrcs 2025-08-29 v3.1.11a (3.1.11a)
))
Package: pgf 2025-08-29 v3.1.11a (3.1.11a)
 (E:\MikeTex\tex/latex/pgf/basiclayer\pgfcore.sty (E:\MikeTex\tex/latex/pgf/systemlayer\pgfsys.sty (E:\MikeTex\tex/generic/pgf/systemlayer\pgfsys.code.tex
Package: pgfsys 2025-08-29 v3.1.11a (3.1.11a)
 (E:\MikeTex\tex/generic/pgf/utilities\pgfkeys.code.tex
\pgfkeys@pathtoks=\toks52
\pgfkeys@temptoks=\toks53
 (E:\MikeTex\tex/generic/pgf/utilities\pgfkeyslibraryfiltered.code.tex
\pgfkeys@tmptoks=\toks54
))
\pgf@x=\dimen280
\pgf@y=\dimen281
\pgf@xa=\dimen282
\pgf@ya=\dimen283
\pgf@xb=\dimen284
\pgf@yb=\dimen285
\pgf@xc=\dimen286
\pgf@yc=\dimen287
\pgf@xd=\dimen288
\pgf@yd=\dimen289
\w@pgf@writea=\write4
\r@pgf@reada=\read4
\c@pgf@counta=\count482
\c@pgf@countb=\count483
\c@pgf@countc=\count484
\c@pgf@countd=\count485
\t@pgf@toka=\toks55
\t@pgf@tokb=\toks56
\t@pgf@tokc=\toks57
\pgf@sys@id@count=\count486
 (E:\MikeTex\tex/generic/pgf/systemlayer\pgf.cfg
File: pgf.cfg 2025-08-29 v3.1.11a (3.1.11a)
)
Driver file for pgf: pgfsys-pdftex.def
 (E:\MikeTex\tex/generic/pgf/systemlayer\pgfsys-pdftex.def
File: pgfsys-pdftex.def 2025-08-29 v3.1.11a (3.1.11a)
 (E:\MikeTex\tex/generic/pgf/systemlayer\pgfsys-common-pdf.def
File: pgfsys-common-pdf.def 2025-08-29 v3.1.11a (3.1.11a)
))) (E:\MikeTex\tex/generic/pgf/systemlayer\pgfsyssoftpath.code.tex
File: pgfsyssoftpath.code.tex 2025-08-29 v3.1.11a (3.1.11a)
\pgfsyssoftpath@smallbuffer@items=\count487
\pgfsyssoftpath@bigbuffer@items=\count488
) (E:\MikeTex\tex/generic/pgf/systemlayer\pgfsysprotocol.code.tex
File: pgfsysprotocol.code.tex 2025-08-29 v3.1.11a (3.1.11a)
)) (E:\MikeTex\tex/generic/pgf/basiclayer\pgfcore.code.tex
Package: pgfcore 2025-08-29 v3.1.11a (3.1.11a)
 (E:\MikeTex\tex/generic/pgf/math\pgfmath.code.tex (E:\MikeTex\tex/generic/pgf/math\pgfmathutil.code.tex) (E:\MikeTex\tex/generic/pgf/math\pgfmathparser.code.tex
\pgfmath@dimen=\dimen290
\pgfmath@count=\count489
\pgfmath@box=\box77
\pgfmath@toks=\toks58
\pgfmath@stack@operand=\toks59
\pgfmath@stack@operation=\toks60
) (E:\MikeTex\tex/generic/pgf/math\pgfmathfunctions.code.tex) (E:\MikeTex\tex/generic/pgf/math\pgfmathfunctions.basic.code.tex) (E:\MikeTex\tex/generic/pgf/math\pgfmathfunctions.trigonometric.code.tex) (E:\MikeTex\tex/generic/pgf/math\pgfmathfunctions.random.code.tex) (E:\MikeTex\tex/generic/pgf/math\pgfmathfunctions.comparison.code.tex) (E:\MikeTex\tex/generic/pgf/math\pgfmathfunctions.base.code.tex) (E:\MikeTex\tex/generic/pgf/math\pgfmathfunctions.round.code.tex) (E:\MikeTex\tex/generic/pgf/math\pgfmathfunctions.misc.code.tex) (E:\MikeTex\tex/generic/pgf/math\pgfmathfunctions.integerarithmetics.code.tex) (E:\MikeTex\tex/generic/pgf/math\pgfmathcalc.code.tex) (E:\MikeTex\tex/generic/pgf/math\pgfmathfloat.code.tex
\c@pgfmathroundto@lastzeros=\count490
)) (E:\MikeTex\tex/generic/pgf/math\pgfint.code.tex) (E:\MikeTex\tex/generic/pgf/basiclayer\pgfcorepoints.code.tex
File: pgfcorepoints.code.tex 2025-08-29 v3.1.11a (3.1.11a)
\pgf@picminx=\dimen291
\pgf@picmaxx=\dimen292
\pgf@picminy=\dimen293
\pgf@picmaxy=\dimen294
\pgf@pathminx=\dimen295
\pgf@pathmaxx=\dimen296
\pgf@pathminy=\dimen297
\pgf@pathmaxy=\dimen298
\pgf@xx=\dimen299
\pgf@xy=\dimen300
\pgf@yx=\dimen301
\pgf@yy=\dimen302
\pgf@zx=\dimen303
\pgf@zy=\dimen304
) (E:\MikeTex\tex/generic/pgf/basiclayer\pgfcorepathconstruct.code.tex
File: pgfcorepathconstruct.code.tex 2025-08-29 v3.1.11a (3.1.11a)
\pgf@path@lastx=\dimen305
\pgf@path@lasty=\dimen306
) (E:\MikeTex\tex/generic/pgf/basiclayer\pgfcorepathusage.code.tex
File: pgfcorepathusage.code.tex 2025-08-29 v3.1.11a (3.1.11a)
\pgf@shorten@end@additional=\dimen307
\pgf@shorten@start@additional=\dimen308
) (E:\MikeTex\tex/generic/pgf/basiclayer\pgfcorescopes.code.tex
File: pgfcorescopes.code.tex 2025-08-29 v3.1.11a (3.1.11a)
\pgfpic=\box78
\pgf@hbox=\box79
\pgf@layerbox@main=\box80
\pgf@picture@serial@count=\count491
) (E:\MikeTex\tex/generic/pgf/basiclayer\pgfcoregraphicstate.code.tex
File: pgfcoregraphicstate.code.tex 2025-08-29 v3.1.11a (3.1.11a)
\pgflinewidth=\dimen309
) (E:\MikeTex\tex/generic/pgf/basiclayer\pgfcoretransformations.code.tex
File: pgfcoretransformations.code.tex 2025-08-29 v3.1.11a (3.1.11a)
\pgf@pt@x=\dimen310
\pgf@pt@y=\dimen311
\pgf@pt@temp=\dimen312
) (E:\MikeTex\tex/generic/pgf/basiclayer\pgfcorequick.code.tex
File: pgfcorequick.code.tex 2025-08-29 v3.1.11a (3.1.11a)
) (E:\MikeTex\tex/generic/pgf/basiclayer\pgfcoreobjects.code.tex
File: pgfcoreobjects.code.tex 2025-08-29 v3.1.11a (3.1.11a)
) (E:\MikeTex\tex/generic/pgf/basiclayer\pgfcorepathprocessing.code.tex
File: pgfcorepathprocessing.code.tex 2025-08-29 v3.1.11a (3.1.11a)
) (E:\MikeTex\tex/generic/pgf/basiclayer\pgfcorearrows.code.tex
File: pgfcorearrows.code.tex 2025-08-29 v3.1.11a (3.1.11a)
\pgfarrowsep=\dimen313
) (E:\MikeTex\tex/generic/pgf/basiclayer\pgfcoreshade.code.tex
File: pgfcoreshade.code.tex 2025-08-29 v3.1.11a (3.1.11a)
\pgf@max=\dimen314
\pgf@sys@shading@range@num=\count492
\pgf@shadingcount=\count493
) (E:\MikeTex\tex/generic/pgf/basiclayer\pgfcoreimage.code.tex
File: pgfcoreimage.code.tex 2025-08-29 v3.1.11a (3.1.11a)
) (E:\MikeTex\tex/generic/pgf/basiclayer\pgfcoreexternal.code.tex
File: pgfcoreexternal.code.tex 2025-08-29 v3.1.11a (3.1.11a)
\pgfexternal@startupbox=\box81
) (E:\MikeTex\tex/generic/pgf/basiclayer\pgfcorelayers.code.tex
File: pgfcorelayers.code.tex 2025-08-29 v3.1.11a (3.1.11a)
) (E:\MikeTex\tex/generic/pgf/basiclayer\pgfcoretransparency.code.tex
File: pgfcoretransparency.code.tex 2025-08-29 v3.1.11a (3.1.11a)
) (E:\MikeTex\tex/generic/pgf/basiclayer\pgfcorepatterns.code.tex
File: pgfcorepatterns.code.tex 2025-08-29 v3.1.11a (3.1.11a)
) (E:\MikeTex\tex/generic/pgf/basiclayer\pgfcorerdf.code.tex
File: pgfcorerdf.code.tex 2025-08-29 v3.1.11a (3.1.11a)
))) (E:\MikeTex\tex/generic/pgf/modules\pgfmoduleshapes.code.tex
File: pgfmoduleshapes.code.tex 2025-08-29 v3.1.11a (3.1.11a)
\pgfnodeparttextbox=\box82
) (E:\MikeTex\tex/generic/pgf/modules\pgfmoduleplot.code.tex
File: pgfmoduleplot.code.tex 2025-08-29 v3.1.11a (3.1.11a)
) (E:\MikeTex\tex/latex/pgf/compatibility\pgfcomp-version-0-65.sty
Package: pgfcomp-version-0-65 2025-08-29 v3.1.11a (3.1.11a)
\pgf@nodesepstart=\dimen315
\pgf@nodesepend=\dimen316
) (E:\MikeTex\tex/latex/pgf/compatibility\pgfcomp-version-1-18.sty
Package: pgfcomp-version-1-18 2025-08-29 v3.1.11a (3.1.11a)
)) (E:\MikeTex\tex/latex/pgf/utilities\pgffor.sty (E:\MikeTex\tex/latex/pgf/utilities\pgfkeys.sty (E:\MikeTex\tex/generic/pgf/utilities\pgfkeys.code.tex)) (E:\MikeTex\tex/latex/pgf/math\pgfmath.sty (E:\MikeTex\tex/generic/pgf/math\pgfmath.code.tex)) (E:\MikeTex\tex/generic/pgf/utilities\pgffor.code.tex
Package: pgffor 2025-08-29 v3.1.11a (3.1.11a)
\pgffor@iter=\dimen317
\pgffor@skip=\dimen318
\pgffor@stack=\toks61
\pgffor@toks=\toks62
)) (E:\MikeTex\tex/generic/pgf/frontendlayer/tikz\tikz.code.tex
Package: tikz 2025-08-29 v3.1.11a (3.1.11a)
 (E:\MikeTex\tex/generic/pgf/libraries\pgflibraryplothandlers.code.tex
File: pgflibraryplothandlers.code.tex 2025-08-29 v3.1.11a (3.1.11a)
\pgf@plot@mark@count=\count494
\pgfplotmarksize=\dimen319
)
\tikz@lastx=\dimen320
\tikz@lasty=\dimen321
\tikz@lastxsaved=\dimen322
\tikz@lastysaved=\dimen323
\tikz@lastmovetox=\dimen324
\tikz@lastmovetoy=\dimen325
\tikzleveldistance=\dimen326
\tikzsiblingdistance=\dimen327
\tikz@figbox=\box83
\tikz@figbox@bg=\box84
\tikz@tempbox=\box85
\tikz@tempbox@bg=\box86
\tikztreelevel=\count495
\tikznumberofchildren=\count496
\tikznumberofcurrentchild=\count497
\tikz@fig@count=\count498
 (E:\MikeTex\tex/generic/pgf/modules\pgfmodulematrix.code.tex
File: pgfmodulematrix.code.tex 2025-08-29 v3.1.11a (3.1.11a)
\pgfmatrixcurrentrow=\count499
\pgfmatrixcurrentcolumn=\count500
\pgf@matrix@numberofcolumns=\count501
)
\tikz@expandcount=\count502
 (E:\MikeTex\tex/generic/pgf/frontendlayer/tikz/libraries\tikzlibrarytopaths.code.tex
File: tikzlibrarytopaths.code.tex 2025-08-29 v3.1.11a (3.1.11a)
))) (E:\MikeTex\tex/latex/pgfplots\pgfplots.sty (E:\MikeTex\tex/generic/pgfplots\pgfplots.revision.tex)
Package: pgfplots 2021/05/15 v1.18.1 Data Visualization (1.18.1)
 (E:\MikeTex\tex/generic/pgfplots\pgfplots.code.tex (E:\MikeTex\tex/generic/pgfplots\pgfplotscore.code.tex
\t@pgfplots@toka=\toks63
\t@pgfplots@tokb=\toks64
\t@pgfplots@tokc=\toks65
\pgfplots@tmpa=\dimen328
\c@pgfplots@coordindex=\count503
\c@pgfplots@scanlineindex=\count504
 (E:\MikeTex\tex/generic/pgfplots/sys\pgfplotssysgeneric.code.tex)) (E:\MikeTex\tex/generic/pgfplots/libs\pgfplotslibrary.code.tex) (E:\MikeTex\tex/generic/pgfplots/oldpgfcompatib\pgfplotsoldpgfsupp_loader.code.tex (E:\MikeTex\tex/generic/pgf/libraries\pgflibraryfpu.code.tex)
Package pgfplots: loading complementary utilities for your pgf version...
\t@pgf@toka=\toks66
\t@pgf@tokb=\toks67
\t@pgf@tokc=\toks68
(E:\MikeTex\tex/generic/pgfplots/oldpgfcompatib\pgfplotsoldpgfsupp_pgfutil-common-lists.tex)) (E:\MikeTex\tex/generic/pgfplots/util\pgfplotsutil.code.tex (E:\MikeTex\tex/generic/pgfplots/liststructure\pgfplotsliststructure.code.tex) (E:\MikeTex\tex/generic/pgfplots/liststructure\pgfplotsliststructureext.code.tex) (E:\MikeTex\tex/generic/pgfplots/liststructure\pgfplotsarray.code.tex
\c@pgfplotsarray@tmp=\count505
) (E:\MikeTex\tex/generic/pgfplots/liststructure\pgfplotsmatrix.code.tex) (E:\MikeTex\tex/generic/pgfplots/numtable\pgfplotstableshared.code.tex
\c@pgfplotstable@counta=\count506
\t@pgfplotstable@a=\toks69
) (E:\MikeTex\tex/generic/pgfplots/liststructure\pgfplotsdeque.code.tex) (E:\MikeTex\tex/generic/pgfplots/util\pgfplotsbinary.code.tex (E:\MikeTex\tex/generic/pgfplots/util\pgfplotsbinary.data.code.tex)) (E:\MikeTex\tex/generic/pgfplots/util\pgfplotsutil.verb.code.tex) (E:\MikeTex\tex/generic/pgfplots/libs\pgflibrarypgfplots.surfshading.code.tex
\c@pgfplotslibrarysurf@no=\count507
 (E:\MikeTex\tex/generic/pgfplots/sys\pgflibrarypgfplots.surfshading.pgfsys-pdftex.def))) (E:\MikeTex\tex/generic/pgfplots/util\pgfplotscolormap.code.tex (E:\MikeTex\tex/generic/pgfplots/util\pgfplotscolor.code.tex)) (E:\MikeTex\tex/generic/pgfplots\pgfplotsstackedplots.code.tex) (E:\MikeTex\tex/generic/pgfplots\pgfplotsplothandlers.code.tex (E:\MikeTex\tex/generic/pgfplots\pgfplotsmeshplothandler.code.tex (E:\MikeTex\tex/generic/pgfplots\pgfplotsmeshplotimage.code.tex))) (E:\MikeTex\tex/generic/pgfplots\pgfplots.scaling.code.tex) (E:\MikeTex\tex/generic/pgfplots\pgfplotscoordprocessing.code.tex) (E:\MikeTex\tex/generic/pgfplots\pgfplots.errorbars.code.tex) (E:\MikeTex\tex/generic/pgfplots\pgfplots.markers.code.tex) (E:\MikeTex\tex/generic/pgfplots\pgfplotsticks.code.tex) (E:\MikeTex\tex/generic/pgfplots\pgfplots.paths.code.tex) (E:\MikeTex\tex/generic/pgf/frontendlayer/tikz/libraries\tikzlibrarydecorations.code.tex (E:\MikeTex\tex/generic/pgf/modules\pgfmoduledecorations.code.tex
\pgfdecoratedcompleteddistance=\dimen329
\pgfdecoratedremainingdistance=\dimen330
\pgfdecoratedinputsegmentcompleteddistance=\dimen331
\pgfdecoratedinputsegmentremainingdistance=\dimen332
\pgf@decorate@distancetomove=\dimen333
\pgf@decorate@repeatstate=\count508
\pgfdecorationsegmentamplitude=\dimen334
\pgfdecorationsegmentlength=\dimen335
)
\tikz@lib@dec@box=\box87
) (E:\MikeTex\tex/generic/pgf/frontendlayer/tikz/libraries\tikzlibrarydecorations.pathmorphing.code.tex (E:\MikeTex\tex/generic/pgf/libraries/decorations\pgflibrarydecorations.pathmorphing.code.tex)) (E:\MikeTex\tex/generic/pgf/frontendlayer/tikz/libraries\tikzlibrarydecorations.pathreplacing.code.tex (E:\MikeTex\tex/generic/pgf/libraries/decorations\pgflibrarydecorations.pathreplacing.code.tex)) (E:\MikeTex\tex/generic/pgfplots/libs\tikzlibrarypgfplots.contourlua.code.tex)
\pgfplots@numplots=\count509
\pgfplots@xmin@reg=\dimen336
\pgfplots@xmax@reg=\dimen337
\pgfplots@ymin@reg=\dimen338
\pgfplots@ymax@reg=\dimen339
\pgfplots@zmin@reg=\dimen340
\pgfplots@zmax@reg=\dimen341
) (E:\MikeTex\tex/generic/pgf/frontendlayer/tikz/libraries\tikzlibraryplotmarks.code.tex
File: tikzlibraryplotmarks.code.tex 2025-08-29 v3.1.11a (3.1.11a)
 (E:\MikeTex\tex/generic/pgf/libraries\pgflibraryplotmarks.code.tex
File: pgflibraryplotmarks.code.tex 2025-08-29 v3.1.11a (3.1.11a)
))) (E:\MikeTex\tex/latex/tcolorbox\tcolorbox.sty
Package: tcolorbox 2025/11/28 version 6.9.0 text color boxes
 (E:\MikeTex\tex/latex/tools\verbatim.sty
Package: verbatim 2024-01-22 v1.5x LaTeX2e package for verbatim enhancements
\every@verbatim=\toks70
\verbatim@line=\toks71
\verbatim@in@stream=\read5
) (E:\MikeTex\tex/latex/environ\environ.sty
Package: environ 2014/05/04 v0.3 A new way to define environments
 (E:\MikeTex\tex/latex/trimspaces\trimspaces.sty
Package: trimspaces 2009/09/17 v1.1 Trim spaces around a token list
))
\tcb@titlebox=\box88
\tcb@upperbox=\box89
\tcb@lowerbox=\box90
\tcb@phantombox=\box91
\c@tcbbreakpart=\count510
\c@tcblayer=\count511
\c@tcolorbox@number=\count512
\l__tcobox_tmpa_box=\box92
\l__tcobox_tmpa_dim=\dimen342
\tcb@temp=\box93
\tcb@temp=\box94
\tcb@temp=\box95
\tcb@temp=\box96
) (E:\MikeTex\tex/latex/listings\listings.sty
\lst@mode=\count513
\lst@gtempboxa=\box97
\lst@token=\toks72
\lst@length=\count514
\lst@currlwidth=\dimen343
\lst@column=\count515
\lst@pos=\count516
\lst@lostspace=\dimen344
\lst@width=\dimen345
\lst@newlines=\count517
\lst@lineno=\count518
\lst@maxwidth=\dimen346
 (E:\MikeTex\tex/latex/listings\lstpatch.sty
File: lstpatch.sty 2025/11/14 1.11b (Carsten Heinz)
) (E:\MikeTex\tex/latex/listings\lstmisc.sty
File: lstmisc.sty 2025/11/14 1.11b (Carsten Heinz)
\c@lstnumber=\count519
\lst@skipnumbers=\count520
\lst@framebox=\box98
) (E:\MikeTex\tex/latex/listings\listings.cfg
File: listings.cfg 2025/11/14 1.11b listings configuration
))
Package: listings 2025/11/14 1.11b (Carsten Heinz)

==> First Aid for listings.sty no longer applied!
    Expected:
        2024/09/23 1.10c (Carsten Heinz)
    but found:
        2025/11/14 1.11b (Carsten Heinz)
    so I'm assuming it got fixed.
(E:\MikeTex\tex/latex/minted\minted.sty
Package: minted 2026/03/03 v3.8.0 Yet another Pygments shim for LaTeX
 (E:\MikeTex\tex/generic/catchfile\catchfile.sty
Package: catchfile 2019/12/09 v1.8 Catch the contents of a file (HO)
 (E:\MikeTex\tex/generic/etexcmds\etexcmds.sty
Package: etexcmds 2019/12/15 v1.7 Avoid name clashes with e-TeX commands (HO)
)) (E:\MikeTex\tex/latex/fvextra\fvextra.sty
Package: fvextra 2026/02/25 v1.14.0 fvextra - extensions and patches for fancyvrb
 (E:\MikeTex\tex/latex/fancyvrb\fancyvrb.sty
Package: fancyvrb 2025/07/28 4.6 verbatim text (tvz,hv)
\FV@CodeLineNo=\count521
\FV@InFile=\read6
\FV@TabBox=\box99
\c@FancyVerbLine=\count522
\FV@StepNumber=\count523
\FV@OutFile=\write5
) (E:\MikeTex\tex/latex/upquote\upquote.sty
Package: upquote 2012/04/19 v1.3 upright-quote and grave-accent glyphs in verbatim
) (E:\MikeTex\tex/latex/lineno\lineno.sty
Package: lineno 2026/03/08 line numbers on paragraphs v5.9
\linenopenalty=\count524
\output=\toks73
\linenoprevgraf=\count525
\linenumbersep=\dimen347
\linenumberwidth=\dimen348
\c@linenumber=\count526
\c@pagewiselinenumber=\count527
\c@LN@truepage=\count528
\c@internallinenumber=\count529
\c@internallinenumbers=\count530
\quotelinenumbersep=\dimen349
\bframerule=\dimen350
\bframesep=\dimen351
\bframebox=\box100
\@LN@amsmath@ams@eqpen=\count531


LaTeX Warning: Command \@parboxrestore  has changed.
               Check if current package is valid.

)

Package fvextra Warning: csquotes should be loaded after fvextra, to avoid a warning from the lineno package on input line 36.

\c@FancyVerbWriteLine=\count532
\c@FancyVerbBufferLine=\count533
\c@FV@TrueTabGroupLevel=\count534
\c@FV@TrueTabCounter=\count535
\FV@TabBox@Group=\box101
\FV@bgcolorstructbox=\box102
\FV@TmpLength=\skip121
\c@FV@HighlightLinesStart=\count536
\c@FV@HighlightLinesStop=\count537
\FV@LoopCount=\count538
\FV@NCharsBox=\box103
\FV@BreakIndent=\dimen352
\FV@BreakIndentNChars=\count539
\FV@BreakSymbolSepLeft=\dimen353
\FV@BreakSymbolSepLeftNChars=\count540
\FV@BreakSymbolSepRight=\dimen354
\FV@BreakSymbolSepRightNChars=\count541
\FV@BreakSymbolIndentLeft=\dimen355
\FV@BreakSymbolIndentLeftNChars=\count542
\FV@BreakSymbolIndentRight=\dimen356
\FV@BreakSymbolIndentRightNChars=\count543
\c@FancyVerbLineBreakLast=\count544
\FV@LineBox=\box104
\FV@LineIndentBox=\box105
\c@FV@BreakBufferDepth=\count545
\FV@LineWidth=\dimen357
) (E:\MikeTex\tex/latex/latex2pydata\latex2pydata.sty
Package: latex2pydata 2026/02/25 v0.7.0 latex2pydata - write data to file in Python literal format
) (E:\MikeTex\tex/latex/pgfopts\pgfopts.sty
Package: pgfopts 2014/07/10 v2.1a LaTeX package options with pgfkeys
\pgfopts@list@add@a@toks=\toks74
\pgfopts@list@add@b@toks=\toks75
) (E:\MikeTex\tex/latex/tools\shellesc.sty
Package: shellesc 2023/07/08 v1.0d unified shell escape interface for LaTeX
Package shellesc Info: Unrestricted shell escape enabled on input line 75.
)
\c@minted@FancyVerbLineTemp=\count546
\@float@every@listing=\toks76
\c@listing=\count547
) (E:\MikeTex\tex/latex/hyperref\hyperref.sty
Package: hyperref 2025-07-12 v7.01o Hypertext links for LaTeX
 (E:\MikeTex\tex/generic/kvdefinekeys\kvdefinekeys.sty
Package: kvdefinekeys 2019-12-19 v1.6 Define keys (HO)
) (E:\MikeTex\tex/generic/pdfescape\pdfescape.sty
Package: pdfescape 2019/12/09 v1.15 Implements pdfTeX's escape features (HO)
) (E:\MikeTex\tex/latex/hycolor\hycolor.sty
Package: hycolor 2020-01-27 v1.10 Color options for hyperref/bookmark (HO)
) (E:\MikeTex\tex/latex/hyperref\nameref.sty
Package: nameref 2025-06-21 v2.57 Cross-referencing by name of section
 (E:\MikeTex\tex/latex/refcount\refcount.sty
Package: refcount 2019/12/15 v3.6 Data extraction from label references (HO)
) (E:\MikeTex\tex/generic/gettitlestring\gettitlestring.sty
Package: gettitlestring 2019/12/15 v1.6 Cleanup title references (HO)
)
\c@section@level=\count548
) (E:\MikeTex\tex/generic/stringenc\stringenc.sty
Package: stringenc 2019/11/29 v1.12 Convert strings between diff. encodings (HO)
)
\@linkdim=\dimen358
\Hy@linkcounter=\count549
\Hy@pagecounter=\count550
 (E:\MikeTex\tex/latex/hyperref\pd1enc.def
File: pd1enc.def 2025-07-12 v7.01o Hyperref: PDFDocEncoding definition (HO)
Now handling font encoding PD1 ...
... no UTF-8 mapping file for font encoding PD1
) (E:\MikeTex\tex/generic/intcalc\intcalc.sty
Package: intcalc 2019/12/15 v1.3 Expandable calculations with integers (HO)
)
\Hy@SavedSpaceFactor=\count551
 (E:\MikeTex\tex/latex/hyperref\puenc.def
File: puenc.def 2025-07-12 v7.01o Hyperref: PDF Unicode definition (HO)
Now handling font encoding PU ...
... no UTF-8 mapping file for font encoding PU
)
Package hyperref Info: Option `colorlinks' set `true' on input line 4066.
Package hyperref Info: Hyper figures OFF on input line 4195.
Package hyperref Info: Link nesting OFF on input line 4200.
Package hyperref Info: Hyper index ON on input line 4203.
Package hyperref Info: Plain pages OFF on input line 4210.
Package hyperref Info: Backreferencing OFF on input line 4215.
Package hyperref Info: Implicit mode ON; LaTeX internals redefined.
Package hyperref Info: Bookmarks ON on input line 4462.
\c@Hy@tempcnt=\count552
LaTeX Info: Redefining \url on input line 4801.
\XeTeXLinkMargin=\dimen359
 (E:\MikeTex\tex/generic/bitset\bitset.sty
Package: bitset 2019/12/09 v1.3 Handle bit-vector datatype (HO)
 (E:\MikeTex\tex/generic/bigintcalc\bigintcalc.sty
Package: bigintcalc 2019/12/15 v1.5 Expandable calculations on big integers (HO)
))
\Fld@menulength=\count553
\Field@Width=\dimen360
\Fld@charsize=\dimen361
Package hyperref Info: Hyper figures OFF on input line 6078.
Package hyperref Info: Link nesting OFF on input line 6083.
Package hyperref Info: Hyper index ON on input line 6086.
Package hyperref Info: backreferencing OFF on input line 6093.
Package hyperref Info: Link coloring ON on input line 6096.
Package hyperref Info: Link coloring with OCG OFF on input line 6103.
Package hyperref Info: PDF/A mode OFF on input line 6108.
\Hy@abspage=\count554
\c@Item=\count555
\c@Hfootnote=\count556
)
Package hyperref Info: Driver (autodetected): hpdftex.
 (E:\MikeTex\tex/latex/hyperref\hpdftex.def
File: hpdftex.def 2025-07-12 v7.01o Hyperref driver for pdfTeX
\Fld@listcount=\count557
\c@bookmark@seq@number=\count558
 (E:\MikeTex\tex/latex/rerunfilecheck\rerunfilecheck.sty
Package: rerunfilecheck 2025-06-21 v1.11 Rerun checks for auxiliary files (HO)
 (E:\MikeTex\tex/generic/uniquecounter\uniquecounter.sty
Package: uniquecounter 2019/12/15 v1.4 Provide unlimited unique counter (HO)
)
Package uniquecounter Info: New unique counter `rerunfilecheck' on input line 284.
)
\Hy@SectionHShift=\skip122
) (E:\MikeTex\tex/latex/listings\lstlang1.sty
File: lstlang1.sty 2025/11/14 1.11b listings language file
)
\c@tcb@cnt@codebox=\count559
\c@definition=\count560
\c@theorem=\count561
\c@lemma=\count562
\c@proposition=\count563
\c@corollary=\count564
\c@example=\count565
\c@remark=\count566
) (E:\MikeTex\tex/latex/lipsum\lipsum.sty (E:\MikeTex\tex/latex/l3packages/l3keys2e\l3keys2e.sty
Package: l3keys2e 2025-10-09 LaTeX2e option processing using LaTeX3 keys
)
Package: lipsum 2021-09-20 v2.7 150 paragraphs of Lorem Ipsum dummy text
\g__lipsum_par_int=\count567
\l__lipsum_a_int=\count568
\l__lipsum_b_int=\count569
 (E:\MikeTex\tex/latex/lipsum\lipsum.ltd.tex)) (E:\MikeTex\tex/latex/tikz-qtree\tikz-qtree.sty (E:\MikeTex\tex/latex/tikz-qtree\pgftree.sty (E:\MikeTex\tex/latex/tikz-qtree\pgfsubpic.sty (E:\MikeTex\tex/generic/tikz-qtree\pgfsubpic.tex
\pgf@subpicminx=\dimen362
\pgf@subpicminy=\dimen363
\pgf@subpicmaxx=\dimen364
\pgf@subpicmaxy=\dimen365
)) (E:\MikeTex\tex/generic/tikz-qtree\pgftree.tex
\levelsep=\dimen366
\subtreesep=\dimen367
\smuggle@levelsep=\dimen368
\smuggle@subtreesep=\dimen369
\this@levelsep=\dimen370
\this@subtreesep=\dimen371
\pgftree@childx=\dimen372
\pgftree@savechildx=\dimen373
\pgftree@childy=\dimen374
\pgftree@savechildy=\dimen375
\pgftree@childi=\count570
\pgftree@savechildi=\count571
\pgftree@level=\count572
\pgftree@depth=\dimen376
\pgf@subpic@hbox@children=\box106
\pgf@subpic@minx@children=\dimen377
\pgf@subpic@miny@children=\dimen378
\pgf@subpic@maxx@children=\dimen379
\pgf@subpic@maxy@children=\dimen380
\pgftree@lastchildx=\dimen381
\pgftree@lastchildy=\dimen382
)) (E:\MikeTex\tex/generic/tikz-qtree\tikz-qtree.tex
\@result=\toks77
\child@list=\toks78
\root@node=\toks79
)) (E:\MikeTex\tex/generic/pgf/libraries\pgflibraryarrows.meta.code.tex
File: pgflibraryarrows.meta.code.tex 2025-08-29 v3.1.11a (3.1.11a)
\pgfarrowinset=\dimen383
\pgfarrowlength=\dimen384
\pgfarrowwidth=\dimen385
\pgfarrowlinewidth=\dimen386
)
Package csquotes Info: Checking for multilingual support...
Package csquotes Info: ... found 'babel' package.
Package csquotes Info: Adjusting default style.
Package csquotes Info: Redefining alias 'default' -> 'english'.
 (main.aux)
\openout1 = `main.aux'.

LaTeX Font Info:    Checking defaults for OML/cmm/m/it on input line 26.
LaTeX Font Info:    ... okay on input line 26.
LaTeX Font Info:    Checking defaults for OMS/cmsy/m/n on input line 26.
LaTeX Font Info:    ... okay on input line 26.
LaTeX Font Info:    Checking defaults for OT1/cmr/m/n on input line 26.
LaTeX Font Info:    ... okay on input line 26.
LaTeX Font Info:    Checking defaults for T1/cmr/m/n on input line 26.
LaTeX Font Info:    ... okay on input line 26.
LaTeX Font Info:    Checking defaults for TS1/cmr/m/n on input line 26.
LaTeX Font Info:    ... okay on input line 26.
LaTeX Font Info:    Checking defaults for OMX/cmex/m/n on input line 26.
LaTeX Font Info:    ... okay on input line 26.
LaTeX Font Info:    Checking defaults for U/cmr/m/n on input line 26.
LaTeX Font Info:    ... okay on input line 26.
LaTeX Font Info:    Checking defaults for PD1/pdf/m/n on input line 26.
LaTeX Font Info:    ... okay on input line 26.
LaTeX Font Info:    Checking defaults for PU/pdf/m/n on input line 26.
LaTeX Font Info:    ... okay on input line 26.
 (E:\MikeTex\tex/context/base/mkii\supp-pdf.mkii
[Loading MPS to PDF converter (version 2006.09.02).]
\scratchcounter=\count573
\scratchdimen=\dimen387
\scratchbox=\box107
\nofMPsegments=\count574
\nofMParguments=\count575
\everyMPshowfont=\toks80
\MPscratchCnt=\count576
\MPscratchDim=\dimen388
\MPnumerator=\count577
\makeMPintoPDFobject=\count578
\everyMPtoPDFconversion=\toks81
) (E:\MikeTex\tex/latex/epstopdf-pkg\epstopdf-base.sty
Package: epstopdf-base 2020-01-24 v2.11 Base part for package epstopdf
Package epstopdf-base Info: Redefining graphics rule for `.eps' on input line 485.
 (E:\MikeTex\tex/latex/00miktex\epstopdf-sys.cfg
File: epstopdf-sys.cfg 2021/03/18 v2.0 Configuration of epstopdf for MiKTeX
))
*geometry* driver: auto-detecting
*geometry* detected driver: pdftex
*geometry* verbose mode - [ preamble ] result:
* driver: pdftex
* paper: <default>
* layout: <same size as paper>
* layoutoffset:(h,v)=(0.0pt,0.0pt)
* modes: 
* h-part:(L,W,R)=(71.13188pt, 486.25761pt, 56.9055pt)
* v-part:(T,H,B)=(71.13188pt, 638.47984pt, 85.35826pt)
* \paperwidth=614.295pt
* \paperheight=794.96999pt
* \textwidth=486.25761pt
* \textheight=638.47984pt
* \oddsidemargin=-1.1381pt
* \evensidemargin=-1.1381pt
* \topmargin=-114.94911pt
* \headheight=85.35826pt
* \headsep=28.45274pt
* \topskip=10.0pt
* \footskip=42.67912pt
* \marginparwidth=65.0pt
* \marginparsep=11.0pt
* \columnsep=10.0pt
* \skip\footins=10.8pt plus 4.0pt minus 2.0pt
* \hoffset=0.0pt
* \voffset=0.0pt
* \mag=1000
* \@twocolumnfalse
* \@twosidefalse
* \@mparswitchfalse
* \@reversemarginfalse
* (1in=72.27pt=25.4mm, 1cm=28.453pt)

LaTeX Info: Redefining \microtypecontext on input line 26.
Package microtype Info: Applying patch `item' on input line 26.
Package microtype Info: Applying patch `toc' on input line 26.
Package microtype Info: Applying patch `eqnum' on input line 26.
Package microtype Info: Applying patch `footnote' on input line 26.
Package microtype Info: Applying patch `verbatim' on input line 26.
LaTeX Info: Redefining \microtypesetup on input line 26.
Package microtype Info: Generating PDF output.
Package microtype Info: Character protrusion enabled (level 2).
Package microtype Info: Using default protrusion set `alltext'.
Package microtype Info: Automatic font expansion enabled (level 2),
(microtype)             stretch: 20, shrink: 20, step: 1, non-selected.
Package microtype Info: Using default expansion set `alltext-nott'.
Package microtype Info: Patching command `\showhyphens'.
Package microtype Info: No adjustment of tracking.
Package microtype Info: No adjustment of interword spacing.
Package microtype Info: No adjustment of character kerning.
(E:\MikeTex\tex/latex/microtype\mt-cmr.cfg
File: mt-cmr.cfg 2013/05/19 v2.2 microtype config. file: Computer Modern Roman (RS)
)
Package biblatex Info: Trying to load language 'english'...
Package biblatex Info: ... file 'english.lbx' found.
 (E:\MikeTex\tex/latex/biblatex/lbx\english.lbx
File: english.lbx 2025/07/10 v3.21 biblatex localization (PK/MW)
)
Package biblatex Info: Input encoding 'utf8' detected.
Package biblatex Info: Automatic encoding selection.
(biblatex)             Assuming data encoding 'utf8'.
\openout3 = `main.bcf'.

Package biblatex Info: Trying to load bibliographic data...
Package biblatex Info: ... file 'main.bbl' not found.

No file main.bbl.
Package biblatex Info: Reference section=0 on input line 26.
Package biblatex Info: Reference segment=0 on input line 26.
(E:\MikeTex\tex/latex/translations/dicts\translations-basic-dictionary-english.trsl
File: translations-basic-dictionary-english.trsl (english translation file `translations-basic-dictionary')
)
Package translations Info: loading dictionary `translations-basic-dictionary' for `english'. on input line 26.
Package caption Info: Begin \AtBeginDocument code.
Package caption Info: hyperref package is loaded.
Package caption Info: listings package is loaded.
Package caption Info: End \AtBeginDocument code.

Package pgfplots notification 'compat/show suggested version=true': document has been generated with the most recent feature set (\pgfplotsset{compat=1.18}).

(E:\MikeTex\tex/latex/base\textcomp.sty
Package: textcomp 2024/04/24 v2.1b Standard LaTeX package
)
\c@lstlisting=\count579
Package hyperref Info: Link coloring ON on input line 26.
 (main.out) (main.out)
\@outlinefile=\write6
\openout6 = `main.out'.

LaTeX Font Info:    Trying to load font information for U+msa on input line 28.
 (E:\MikeTex\tex/latex/amsfonts\umsa.fd
File: umsa.fd 2013/01/14 v3.01 AMS symbols A
) (E:\MikeTex\tex/latex/microtype\mt-msa.cfg
File: mt-msa.cfg 2006/02/04 v1.1 microtype config. file: AMS symbols (a) (RS)
)
LaTeX Font Info:    Trying to load font information for U+msb on input line 28.
 (E:\MikeTex\tex/latex/amsfonts\umsb.fd
File: umsb.fd 2013/01/14 v3.01 AMS symbols B
) (E:\MikeTex\tex/latex/microtype\mt-msb.cfg
File: mt-msb.cfg 2005/06/01 v1.0 microtype config. file: AMS symbols (b) (RS)
)
LaTeX Font Info:    Trying to load font information for U+rsfs on input line 28.
 (E:\MikeTex\tex/latex/jknappen\ursfs.fd
File: ursfs.fd 1998/03/24 rsfs font definition file (jk)
) [1

{C:/Users/ADMIN/AppData/Local/MiKTeX/fonts/map/pdftex/pdftex.map}] (main.toc
pdfTeX warning (ext4): destination with the same identifier (name{page.1}) has been already used, duplicate ignored
<to be read again> 
                   \relax 
l.23 ...ambda has VpcConfig}{14}{subsection.3.2.2}
                                                  % [1



] [2])
\tf@toc=\write7
\openout7 = `main.toc'.

 [3] (main.lof [4



])
\tf@lof=\write8
\openout8 = `main.lof'.

 [5] (5.chapter_02.tex
Chapter 1.

Overfull \hbox (26.98676pt too wide) in paragraph at lines 7--24
 [][] 
 []


Overfull \hbox (1.55089pt too wide) in paragraph at lines 34--35
[]\OT1/cmr/bx/n/12 (-20) Backend API ac-ces-si-ble via the API gate-way URL: [][]$\OT1/cmtt/m/n/12 https : / / py29vzblk3 . execute-[]api .
 []

LaTeX Font Info:    Font shape `OT1/cmtt/bx/n' in size <12> not available
(Font)              Font shape `OT1/cmtt/m/n' tried instead on input line 37.
<images/API1.png, id=386, 1927.2pt x 1084.05pt>
File: images/API1.png Graphic file (type png)
<use images/API1.png>
Package pdftex.def Info: images/API1.png  used on input line 40.
(pdftex.def)             Requested size: 389.00757pt x 218.80765pt.
[6


]
<images/API2.png, id=396, 1927.2pt x 1084.05pt>
File: images/API2.png Graphic file (type png)
<use images/API2.png>
Package pdftex.def Info: images/API2.png  used on input line 47.
(pdftex.def)             Requested size: 389.00757pt x 218.80765pt.
<images/API3.png, id=397, 1927.2pt x 1084.05pt>
File: images/API3.png Graphic file (type png)
<use images/API3.png>
Package pdftex.def Info: images/API3.png  used on input line 54.
(pdftex.def)             Requested size: 389.00757pt x 218.80765pt.
 [7 <./images/API1.png> <./images/API2.png>]
<images/API4.png, id=404, 1927.2pt x 1084.05pt>
File: images/API4.png Graphic file (type png)
<use images/API4.png>
Package pdftex.def Info: images/API4.png  used on input line 61.
(pdftex.def)             Requested size: 389.00757pt x 218.80765pt.
<images/DB.png, id=405, 1927.2pt x 1084.05pt>
File: images/DB.png Graphic file (type png)
<use images/DB.png>
Package pdftex.def Info: images/DB.png  used on input line 68.
(pdftex.def)             Requested size: 389.00757pt x 218.80765pt.
) (10.chapter_07.tex [8 <./images/API3.png> <./images/API4.png>] [9 <./images/DB.png>]
Chapter 2.
<images/diagram.png, id=417, 8222.72pt x 7075.43375pt>
File: images/diagram.png Graphic file (type png)
<use images/diagram.png>
Package pdftex.def Info: images/diagram.png  used on input line 6.
(pdftex.def)             Requested size: 389.00757pt x 334.68309pt.
) (4.chapter_01.tex [10

 <./images/diagram.png>]
Chapter 3.
<images/SE1.png, id=423, 1927.2pt x 1084.05pt>
File: images/SE1.png Graphic file (type png)
<use images/SE1.png>
Package pdftex.def Info: images/SE1.png  used on input line 8.
(pdftex.def)             Requested size: 389.00757pt x 218.80765pt.
<images/SE2.png, id=424, 1927.2pt x 1084.05pt>
File: images/SE2.png Graphic file (type png)
<use images/SE2.png>
Package pdftex.def Info: images/SE2.png  used on input line 15.
(pdftex.def)             Requested size: 389.00757pt x 218.80765pt.
[11

 <./images/SE1.png>]
<images/SE3.png, id=430, 1927.2pt x 1084.05pt>
File: images/SE3.png Graphic file (type png)
<use images/SE3.png>
Package pdftex.def Info: images/SE3.png  used on input line 22.
(pdftex.def)             Requested size: 389.00757pt x 218.80765pt.
<images/SE4-1.png, id=431, 1927.2pt x 1084.05pt>
File: images/SE4-1.png Graphic file (type png)
<use images/SE4-1.png>
Package pdftex.def Info: images/SE4-1.png  used on input line 29.
(pdftex.def)             Requested size: 389.00757pt x 218.80765pt.
 [12 <./images/SE2.png> <./images/SE3.png>]
<images/SE4-2.png, id=439, 1927.2pt x 1084.05pt>
File: images/SE4-2.png Graphic file (type png)
<use images/SE4-2.png>
Package pdftex.def Info: images/SE4-2.png  used on input line 35.
(pdftex.def)             Requested size: 389.00757pt x 218.80765pt.
<images/NE1.png, id=440, 1927.2pt x 1084.05pt>
File: images/NE1.png Graphic file (type png)
<use images/NE1.png>
Package pdftex.def Info: images/NE1.png  used on input line 44.
(pdftex.def)             Requested size: 389.00757pt x 218.80765pt.
 [13 <./images/SE4-1.png> <./images/SE4-2.png>]
<images/NE2.png, id=447, 1927.2pt x 1084.05pt>
File: images/NE2.png Graphic file (type png)
<use images/NE2.png>
Package pdftex.def Info: images/NE2.png  used on input line 51.
(pdftex.def)             Requested size: 389.00757pt x 218.80765pt.
<images/NE3.png, id=448, 1927.2pt x 1084.05pt>
File: images/NE3.png Graphic file (type png)
<use images/NE3.png>
Package pdftex.def Info: images/NE3.png  used on input line 58.
(pdftex.def)             Requested size: 389.00757pt x 218.80765pt.
 [14 <./images/NE1.png> <./images/NE2.png>]
<images/NE4.png, id=455, 1927.2pt x 1084.05pt>
File: images/NE4.png Graphic file (type png)
<use images/NE4.png>
Package pdftex.def Info: images/NE4.png  used on input line 65.
(pdftex.def)             Requested size: 389.00757pt x 218.80765pt.
<images/NE5.png, id=456, 1927.2pt x 1084.05pt>
File: images/NE5.png Graphic file (type png)
<use images/NE5.png>
Package pdftex.def Info: images/NE5.png  used on input line 72.
(pdftex.def)             Requested size: 389.00757pt x 218.80765pt.
 [15 <./images/NE3.png> <./images/NE4.png>]
<images/IM1.png, id=463, 1927.2pt x 1084.05pt>
File: images/IM1.png Graphic file (type png)
<use images/IM1.png>
Package pdftex.def Info: images/IM1.png  used on input line 82.
(pdftex.def)             Requested size: 389.00757pt x 218.80765pt.
<images/IM2-1.png, id=464, 1927.2pt x 1084.05pt>
File: images/IM2-1.png Graphic file (type png)
<use images/IM2-1.png>
Package pdftex.def Info: images/IM2-1.png  used on input line 89.
(pdftex.def)             Requested size: 389.00757pt x 218.80765pt.
 [16 <./images/NE5.png> <./images/IM1.png>]
<images/IM2-2.png, id=471, 1927.2pt x 1084.05pt>
File: images/IM2-2.png Graphic file (type png)
<use images/IM2-2.png>
Package pdftex.def Info: images/IM2-2.png  used on input line 95.
(pdftex.def)             Requested size: 389.00757pt x 218.80765pt.
<images/IM3-1.png, id=472, 1927.2pt x 1084.05pt>
File: images/IM3-1.png Graphic file (type png)
<use images/IM3-1.png>
Package pdftex.def Info: images/IM3-1.png  used on input line 102.
(pdftex.def)             Requested size: 389.00757pt x 218.80765pt.
 [17 <./images/IM2-1.png> <./images/IM2-2.png>]
<images/IM3-2.png, id=479, 1927.2pt x 1084.05pt>
File: images/IM3-2.png Graphic file (type png)
<use images/IM3-2.png>
Package pdftex.def Info: images/IM3-2.png  used on input line 108.
(pdftex.def)             Requested size: 389.00757pt x 218.80765pt.
<images/LOG1.png, id=480, 1927.2pt x 1084.05pt>
File: images/LOG1.png Graphic file (type png)
<use images/LOG1.png>
Package pdftex.def Info: images/LOG1.png  used on input line 117.
(pdftex.def)             Requested size: 389.00757pt x 218.80765pt.
 [18 <./images/IM3-1.png> <./images/IM3-2.png>]
<images/LOG2-1.png, id=488, 1927.2pt x 1084.05pt>
File: images/LOG2-1.png Graphic file (type png)
<use images/LOG2-1.png>
Package pdftex.def Info: images/LOG2-1.png  used on input line 124.
(pdftex.def)             Requested size: 389.00757pt x 218.80765pt.
<images/LOG2-2.png, id=489, 1927.2pt x 1084.05pt>
File: images/LOG2-2.png Graphic file (type png)
<use images/LOG2-2.png>
Package pdftex.def Info: images/LOG2-2.png  used on input line 129.
(pdftex.def)             Requested size: 389.00757pt x 218.80765pt.
) (8.chapter_05.tex [19 <./images/LOG1.png> <./images/LOG2-1.png>] [20 <./images/LOG2-2.png>]
Chapter 4.
<images/CWDashboard.png, id=501, 1927.2pt x 1084.05pt>
File: images/CWDashboard.png Graphic file (type png)
<use images/CWDashboard.png>
Package pdftex.def Info: images/CWDashboard.png  used on input line 6.
(pdftex.def)             Requested size: 389.00757pt x 218.80765pt.
<images/Alarm.png, id=502, 1927.2pt x 1084.05pt>
File: images/Alarm.png Graphic file (type png)
<use images/Alarm.png>
Package pdftex.def Info: images/Alarm.png  used on input line 13.
(pdftex.def)             Requested size: 389.00757pt x 218.80765pt.
[21

 <./images/CWDashboard.png>]
<images/BUDGET2.png, id=508, 1927.2pt x 1084.05pt>
File: images/BUDGET2.png Graphic file (type png)
<use images/BUDGET2.png>
Package pdftex.def Info: images/BUDGET2.png  used on input line 20.
(pdftex.def)             Requested size: 389.00757pt x 218.80765pt.
<images/BUDGET1.png, id=509, 1927.2pt x 1084.05pt>
File: images/BUDGET1.png Graphic file (type png)
<use images/BUDGET1.png>
Package pdftex.def Info: images/BUDGET1.png  used on input line 25.
(pdftex.def)             Requested size: 389.00757pt x 218.80765pt.
) (9.chapter_06.tex [22 <./images/Alarm.png> <./images/BUDGET2.png>] [23 <./images/BUDGET1.png>]
Chapter 5.
<images/Bill1.png, id=521, 1927.2pt x 1084.05pt>
File: images/Bill1.png Graphic file (type png)
<use images/Bill1.png>
Package pdftex.def Info: images/Bill1.png  used on input line 6.
(pdftex.def)             Requested size: 389.00757pt x 218.80765pt.
<images/Bill2.png, id=522, 1927.2pt x 1084.05pt>
File: images/Bill2.png Graphic file (type png)
<use images/Bill2.png>
Package pdftex.def Info: images/Bill2.png  used on input line 11.
(pdftex.def)             Requested size: 389.00757pt x 218.80765pt.
) (11.chapter_08.tex [24

 <./images/Bill1.png>] [25 <./images/Bill2.png>]
Chapter 6.
[26

] [27] [28] [29] [30] [31] [32] [33] [34] [35] [36]
Underfull \hbox (badness 1297) in paragraph at lines 295--295
\OT1/cmr/m/n/12 (+20) Gate-way to reach pub-lic end-
 []

) (12.chapter_09.tex [37]
Chapter 7.
) [38

]
runsystem(latexminted cleantemp  --timestamp 20260501212554 FAD58DE7366495DB4650CFEFAC2FCD61)...executed.

 (main.aux)
 ***********
LaTeX2e <2025-11-01>
L3 programming layer <2025-12-24>
 ***********
Package rerunfilecheck Info: File `main.out' has not changed.
(rerunfilecheck)             Checksum: F9B928DEAED8C83EAA249320F05A3B36;10870.
Package logreq Info: Writing requests to 'main.run.xml'.
\openout1 = `main.run.xml'.

 ) 
Here is how much of TeX's memory you used:
 58903 strings out of 467871
 1343586 string characters out of 5434730
 2509951 words of memory out of 5000000
 86696 multiletter control sequences out of 15000+600000
 642014 words of font info for 150 fonts, out of 8000000 for 9000
 1141 hyphenation exceptions out of 8191
 123i,13n,121p,1249b,2961s stack positions out of 10000i,1000n,20000p,200000b,200000s
 <C:\Users\ADMIN\AppData\Local\MiKTeX\fonts/pk/ljfour/jknappen/ec/dpi600\tcbx1200.pk> <C:\Users\ADMIN\AppData\Local\MiKTeX\fonts/pk/ljfour/jknappen/ec/dpi600\tcrm1200.pk><E:/MikeTex/fonts/type1/public/amsfonts/cm/cmbx12.pfb><E:/MikeTex/fonts/type1/public/amsfonts/cm/cmr10.pfb><E:/MikeTex/fonts/type1/public/amsfonts/cm/cmr12.pfb><E:/MikeTex/fonts/type1/public/amsfonts/cm/cmsy10.pfb><E:/MikeTex/fonts/type1/public/amsfonts/cm/cmtt12.pfb>
Output written on main.pdf (39 pages, 6032838 bytes).
PDF statistics:
 653 PDF objects out of 1000 (max. 8388607)
 130 named destinations out of 1000 (max. 500000)
 31851 words of extra memory for PDF output out of 35830 (max. 10000000)

